Γû▓ Next.js 16.2.4 (Turbopack)

  Creating an optimized production build ...
Γ£ô Compiled successfully in 10.6s
  Running TypeScript ...
  Finished TypeScript in 9.2s ...
  Collecting page data using 9 workers ...
  Generating static pages using 9 workers (0/8) ...
  Generating static pages using 9 workers (2/8) 
  Generating static pages using 9 workers (4/8) 
  Generating static pages using 9 workers (6/8) 
Γ£ô Generating static pages using 9 workers (8/8) in 2.9s
  Finalizing page optimization ...

Route (app)
Γöî Γùï /
Γö£ Γùï /_not-found
Γö£ Γùï /review
Γö£ Γùï /search
Γö£ Γùï /seat-selection
Γöö Γùï /ticket


Γùï  (Static)  prerendered as static content

